Xuc, Uu, Uu, Uu, Uu^Cov, Uu, Uu, Xuc, Xuc, Mm, Mm, Mm, Uu^Vu, Gll^Fdf, Gll^Eff, Wwg, Wo, Wwg, Wog, Wog, Wwg, Wo, Wo, Wwg, Wwg, Wwg, Wwg, Wwg, Wog, Wwg, Wwrg, Wwg, Wwrg, Wwrg, Wwrg, Gd, Ch, Rr, Rr, Rr, Ch, Rr
Mm^Xm, Xuc, Xuc, Uu^Cov, Uu^Kov, Uu^Cov, Uu, Xuc, Mm, Mm, Mm, Mm, Gll^Eff, Gll^Eff, Hhd, Wwg, Wwg, Wog, Wog, Wo, Chw, Wog, Wog, Wog, Ww^Vm, Wwg, Wog, Wwg, Wog, Ww^Vm, Wwrg, Wwrg, Wwrg, Wwrg, Wwrg, Ch, Rr^Vhc, Ch, Rr^Bsb/, Ch, 2 Kh, Rr
Mm, Mm^Xm, Mm, Xuc, Xuc, Uu^Cov, Uu, Xuc, Xuce, Mm, Xuce, Mm^Eff, Hhd, Gg^Ve, Gll^Fdf, Ds, Ds, Wwg, Ds, 1 Khw, Chw, Wwg, Wog, Wwg, Wwg, Wog, Wwg, Wog, Wwrg, Wwrg, Wwrg, Wwrg, Rr, Ss, Ch, Ch, Rp^Bsb|, Ch, Ch, Rr, Ch, Rr
Mm, Mm, Mm^Xm, Xuc, Xuc, Xuc, Urb, Uue, Ur, Xuce, Hhd, Hhd, Gll^Fdf, Gll^Fdf, Gll^Fdf, Ds, Ds, Ds, Ds, Ds, Ds, Wwg, Wwg, Wog, Gll^Qov, Wwg, Ss, Wwrg, Gll, Wwrg, Ss, Rr, Rr, Rr^Vhc, Rr^Vhc, Rr^Vhc, Rp, Rr, Rr^Vhc, Rr^Bsb|, Rr^Vhc, Rr
Mm, Mm, Mm^Xm, Mm^Xm, Urb^Br/, Urb^Br/, Mm, Xuce, Gll^Eff, Ur, Gll^Fdf, Gll^Fdf, Gll^Fmf, Gll^Fdf, Rr^Vhc, Rr^Vhc, Gs, Ds, Ds, Ds, Ds, Ds, Wwg, Wwrg, Gll^Qov, Gll, Gll^Fmf, Gll^Fdf, Gll^Fdf, Ch, Ch, Rr^Vhc, Rr, Rr, Rr, Rp, Rr^Bsb|, Rr, Rr, Rr, Rr, Rr
Mm, Mm, Urb, Urb, Mm, Mm, Mm, Mm, Hhd, Gll^Eff, Gll^Eff, Gll^Fmf, Gll^Fdf, Gll^Fdf, Rr^Vhc, Gs, Gs, Rr^Vhc, Ds, Ds, Ds^Eff, Ds^Eff, Wwg^Qov, Wwrg^Qov, Gll^Fdf, Gll^Fdf, Gll^Fdf, Gll^Fmf, Gll^Fmf, Gll^Fmf, Gll^Fdf, Ch, Ch, Rr, Rr^Vhc, Rp, Rp^Bsb|, Rr, Rr, Rr^Vhc, Ch, Ch
Gll^Fdf, Urb^Br/, Mm, Mm, Hhd, Hhd, Gll^Fmf, Gll^Fdf, Gll^Fmf, Gll^Fdf, Gll^Fdf, Gll^Eff, Gll^Eff, Gs, Gs, Gs, Gs, Gs, Ds^Eff, Ds^Eff, Wwg^Qov, Wwg^Qov, Gll^Fdf, Wwg^Qov, Wwg^Qov, Gll^Fdf, Wwg^Qov, Gll^Fdf, Gll^Fdf, Gll^Fdf, Gll^Fdf, Gll^Fmf, Gll^Fdf, Ch, Ch, Rp, Rp, Rr^Vhc, Ch, Ch, Gd, Gd
Hhd, Hh^Vhh, Hhd, Gll^Fdf, Gll^Fmf, Gll^Fdf, Gll^Fdf, Gll^Fdf, Gll^Fdf, Gll^Fdf, Gll^Fdf, Gll^Fdf, Rp, Rp, Gd^Eff, Gs, Gll^Eff, Gd^Eff, Wwg^Qov, Wwg^Qov, Gll, Sm, Sm, Gll^Fdf, Gll^Fdf, Wwg^Qov, Gll^Fp, Wwg^Qov, Gll^Fp, Hhd, Hhd, Gll^Fdf, Gll^Fdf, Gll, Gd, Ch, Rp^Bsb|, Ch, Gd, Gd, Gs^Vh, Gd
Gll^Fdf, Hhd, Gll^Fdf, Hhd, Gll^Fdf, Gll^Fdf, Gll^Fdf, Gll^Fdf, Gd, Gd, Rp, Rp, Gd, Gg, Gd, Gll^Eff, Gll, Wwg^Qov, Mm, Gll, Chs, Ss, Ss, Gll^Fmf, Gll^Fp, Gll^Fp, Mm, Wwrg^Qov, Mm, Hhd, Gll^Fmf, Gll^Fdf, Gll^Fdf, Gll^Gvs, Gll^Gvs, Gd^Gvs, Rp, Gd, Gg^Gvs, Gs^Vh, Gg^Gvs, Gd
Gd, Gll^Fdf, Gll^Fdf, Gll^Fdf, Gll^Fdf, Gll^Fdf, Gd, Gd, Gd, Gd, Rp, Gd, Gd, Gd, Gll, Gll, Mm, Wwrg^Qov, Mm, Mm, Ss^Vhs, Ss, Sm, Ss^Vhs, Gll^Fp, Mm, Mm, Mm, Mm, Gll^Fp, Gll^Fp, Gll^Fdf, Gll^Fdf, Gll^Fdf, Gs^Vl, Gd^Gvs, Rp, Gd^Gvs, Gg^Gvs, Gg^Gvs, Gg^Gvs, Gg
Gd, Gd, Gd, Gll^Fdf, Gg, Gd, Gg^Wm, Gs^Vh, Rp, Rp, Gd, Gd, Gd, Gd, Gll^Fmf, Gll^Fmf, Mm, Mm, Mm, Mm, Chs, Sm, Sm, Ss, Gll^Fp, Mm, Mm, Mm, Gll^Fp, Gll^Fp, Gll^Fmf, Gll^Fmf, Gll^Fdf, Gll^Fdf, Gg, Gd^Gvs, Rp, Gg, Gg, Gg^Gvs, Gd^Gvs, Gd^Gvs
Gd, Gg, Gd, Gg, Gs^Vh, Gd, Rp, Rp, Rp, Gs^Vh, Gg, Gd, Gg, Gd, Gg, Gll^Fmf, Gll^Fmf, Mm, Rp, Gll^Fdf, Ss, Sm, Sm, Gll^Fp, Gll^Fp, Gll^Fp, Gll^Fp, Gll^Fp, Gll^Fmf, Hhd, Hhd, Gll^Fdf, Gll^Fdf, Gll, Gll^Ebn, Gd, Rp, Gd, Gg, Gd^Gvs, Gd^Gvs, Gd^Gvs
Gg, Gd, Gd, Gd, Gs^Vl, Rp, Gs^Vh, Gg, Gd^Gvs, Rp, Rp, Rp, Rp, Gd, Gll, Gll, Rp, Rp, Gll^Fdf, Gll^Fmf, Gll^Fp, Gll^Fmf, Rp, Sm, Mm, Gll^Fp, Gll^Fmf, Gll^Fmf, Gll^Fdf, Hhd, Gll^Fdf, Gll^Fdf, Gll^Gvs, Gll, Gd, Ce, Rp, Gd, Gd, Ce, Gd, Gd
Gd, Gg, Gg, Gg, Gg, Gd, Gd^Gvs, Gd^Gvs, Gll^Fmf, Gg^Gvs, Gd^Gvs, Gg, Gll, Rp, Rp, Rp, Gll^Fdf, Gll^Fdf, Gll^Fdf, Gll^Fdf, Wwrg, Wwg, Sm, Mm, Mm, Mm, Gll^Fdf, Gll^Fdf, Gs^Vh, Gll^Gvs, Gll^Gvs, Gll^Gvs, Gd^Gvs, Gd^Gvs, Gd, Gd, Rp, Re^Vct, Gd^Ecf, Gd, Re^Vct, Gg
Gll, Gd, Gll, Gd, Gll^Gvs, Gg^Gvs, Gg^Gvs, Gll^Fmf, Gll^Fmf, Gd^Gvs, Gll^Gvs, Gll^Gvs, Gll^Fdf, Gll, Gll^Fdf, Rp, Rp, Gll^Fdf, Gll^Fdf, Gll^Fp, Mm, Mm, Ss, Mm, Mm, Mm, Rp, Gs^Vl, Gd, Gd, Gg, Gd^Gvs, Gd^Ebn, Gd, Gd, Gd, Rp, Gd, Gg, Gd, Gd^Ecf, Gg
Gll^Fdf, Gll, Gll^Fdf, Gll^Gvs, Gll^Gvs, Gll^Gvs, Gll^Gvs, Gd^Gvs, Gll^Gvs, Gll^Gvs, Gll^Fdf, Gll^Fdf, Gll^Fdf, Gll^Fdf, Gll^Fdf, Gll^Fmf, Gll^Fdf, Gll^Fmf, Gll^Fmf, Gll^Fp, Mm, Mm, Mm, Gll^Fp, Gll^Fp, Gll^Fdf, Gll, Rp, Rp, Gg, Gd, Gd, Gg, Ce, Gg, Gd, Rp, Re^Vct, Gd^Ecf, Ke, Gd, Gg
Gll^Fdf, Gll^Fdf, Gll^Fmf, Gll^Fdf, Gll^Fdf, Gll^Gvs, Gll^Gvs, Gll^Gvs, Gll, Gll^Fdf, Gll^Fdf, Gll^Fdf, Gll^Fdf, Gll^Fdf, Gll^Fdf, Gll^Fmf, Gll^Fmf, Gll^Fdf, Gll^Fdf, Rp, Rp, Mm, Rp, Gll^Fp, Rp, Gll^Fdf, Gll, Gd, Gd, Rp, Rp, Rp, Rp, Gg, Gg, Gd, Rp, Ke, Ket, Gg, Gd^Ecf, Gd
Gll^Fmf, Gll^Fmf, Gll^Fdf, Gll^Fdf, Gll^Fdf, Gll^Fdf, Gll, Gll^Fdf, Gll^Fdf, Gll^Fdf, Gll^Fdf, Gll^Fdf, Gll^Fmf, Gll^Fdf, Hhd, Hhd, Hhd, Gll^Fdf, Mm, Mm, Mm, Gll^Fmf, Gll^Fp, Rp, Gll^Fp, Rp, Rp, Gll, Rp, Rp, Gd, Gd, Gd, Rp, Rp, Gg, Rp, Gg, Gg, Gg, Re^Vct, Gd
Gll^Fdf, Gll^Fmf, Mm, Gll^Fdf, Gll^Fdf, Gll^Fmf, Gll, Gll^Fdf, Gll^Fdf, Gll^Fdf, Koa, Gll^Fmf, Gll^Fdf, Gll^Fmf, Hhd, Hhd, Mm, Mm, Mm, Mm, Mm^Xm, Mm^Xm, Mm^Xm, Mm, Mm, Gll^Fp, Gd, Rp, Rd, Gd, Rd, Rd, Gd, Gd, Ce, Rp, Rp, Gd, Ke, Gg^Ecf, Gg, Gd
Mm^Xm, Mm^Xm, Mm^Xm, Mm, Mm, Gll^Fdf, Mm, Mm, Mm, Cea, Gs^Vc, Cea, Mm, Gll^Fdf, Mm, Mm, Mm^Xm, Mm, Mm, Mm, Mm^Xm, Mm^Xm, Ms, Mm, Mm, Mm, Rd, Rd, Rd, Rd, Rd, Rd, Gd, Gd^Ebn, Gg^Gvs, Gd^Gvs, Re^Vct, Rp, Rp, Gg, Gg, Gd
Ms, Ms, Ms, Mm, Mm, Mm, Mm, Mm, Mm, Gs^Vc, Ms^Xm, Ms^Xm, Ms^Xm, Mm, Mm, Mm^Xm, Mm^Xm, Mm^Xm, Ms, Mm, Mm, Ms, Ms, Ms, Mm, Mm, Rd, Rd, Rd, Rd, Rd, Rd, Rd, Gd, Gd^Gvs, Gd^Gvs, Gg, Re^Vct, Gd^Gvs, Rp, Rp, Gd
Ms, Ms, Ms, Mm, Mm, Mm, Mm, Mm, Mm, Gs^Vc, Gs^Vc, Ms^Xm, Mm, Mm, Mm, Mm^Xm, Mm^Xm, Ms, Ms, Ms, Mm, Ms, Ms, Ms, Mm, Mm, Rd, Rd, Rd, Rd, Rd, Rd, Rd, Rd, Gg^Gvs, Gd^Gvs, Gd^Gvs, Gg^Gvs, Gg^Gvs, Gd^Gvs, Gd^Gvs, Rp
