Xu, Xu, Xu, Xu, Xu, Xu, Xu, Xu, Xu, Xu, Xu, Xu, Xu, Xu, Xu, Xu, Xu, Xu, Xu, Xu, Xu, Xu, Xu, Xu, Xu, Xu, Xu, Xu, Xu, Ql, Ql, Ql^Bcx\, Ql^Bcx\, Ql^Bcx\, Ql^Bcx\, Ql^Bcx\, Ql^Bcx\, Xu, Xu, Xu, Xu, Xu, Xu, Xu, Xu, Xu, Xu, Xu, Xu, Xu, Xu, Xu, Xu, Xu, Xu, Xu, Xu, Xu, Xu, Xu, Xu, Xu, Xu, Xu, Ur, Xu
Xu, Xu, Xu, Xu, Xu, Xu, Xu, Xu, Xu, Xu, Xu, Xu, Xu, Xu, Xu, Xu, Xu, Xu, Xu, Xu, Xu, Xu, Xu, Xu, Xu, Xu, Xu, Xu, Xu, Ql, Ql, Ql, Ql, Ql^Bcx\, Ql^Bcx\, Ql^Bcx\, Ql^Bcx\, Ql^Bcx\, Ur, Xu, Xu, Xu, Xu, Uu, Uu, Xu, Xu, Xu, Xu, Xu, Xu, Xu, Uu, Xu, Uu, Xu, Xu, Xu, Uu, Uu, Xu, Xu, CdwY, Ur, Ur, Ur
Xu, Xu, Xu, Xu, Xu, Xu, Xu, Xu, Xu, Xu, Xu, Xu, Xu, Xu, Xu, Xu, Xu, Xu, Xu, Xu, Xu, Xu, Xu, Xu, Xu, Xu, Ql, Ql, Ql, Ql, Ql, Ql, Ql, Ql, Ql, Ql^Bcx\, Ql^Bcx\, Ur, Ur, CdwY, Ur, Xu, Uu, Uu, Xu, Uu, Xu, Xu, Uu, Xu, Uu, Uu, Xu, Xu, Xu, Uu, Uu, Xu, Uu, Xu, Ur, Ur, Ur, Ur, Ur, Ur
Xu, Xu, Xu, Xu, Xu, Xu, Xu, Xu, Xu, Xu, Xu, Xu, Xu, Xu, Xu, Xu, Xu, Xu, Xu, Xu, Xu, Xu, Xu, Xu, Xu, Xu, Ql, Ql, Xu, Ql, Ql, Ql, Ql, Ql, Xu, Ql, Xu, Ur, CdwY, Ur, Ur, Ur, Ur, Uu, Uu, Xu, Uu, Xu, Uu, Uu, CdwY, Uu, Uu, Uu, Uu, Xu, Uu, Uu, Ur, Ur, Ur, Ur, Ur, CdwY, Xu, Xu
Xu, Xu, Xu, Xu, Xu, Xu, Xu, Xu, Xu, Xu, Xu, Xu, Xu, Xu, Xu, Xu, Xu, Xu, Xu, Xu, Xu, Xu, Xu, Xu, Xu, Xu, Xu, Ql, Ql, Ql, Ql, Ql, Ql, Ql, Ql, Ql, Xu, Xu, Xu, Ur, Ur, Ur, Ur, Ur, Ur, Uu, Uu, Uu, Uu, CdwY, KdwY, CdwY, Uu, Uu, Uu, Uu, Ur, Ur, Ur, Ur, Ur, Ur, Xu, Xu, Xu, Xu
Xu, Xu, Xu, Xu, Xu, Xu, Xu, Xu, Xu, Xu, Xu, Xu, Xu, Xu, Xu, Xu, Xu, Xu, Xu, Xu, Xu, Xu, Xu, Xu, Xu, Xu, Xu, Ql, Xu, Ql, Ql, Ql, Ql, Ql, Xu, Xu, Xu, Xu, Xu, Xu, Uu, Ur, Ur, Ur, Ur, Ur, Ur, Uu, Ur^BrYu, CdwY, 2 CdwY, CdwY, Ur^BrYu, Uu, Ur, Ur, Ur, Ur, Ur, Ur, Uu, Uu, Uu, Xu, Xu, Xu
Xu, Xu, Xu, Xu, Xu, Xu, Xu, Xu, Xu, Xu, Xu, Xu, Xu, Xu, Xu, Xu, Xu, Xu, Xu, Xu, Xu, Xu, Xu, Xu, Xu, Xu, Xu, Xu, Xu, Xu, Ql, Ql, Ql, Ql, Xu, Xu, Xu, Xu, Xu, Xu, Xu, Uu, Uu, Ur, Ur, Ur, Ur, Ur, Ur, Ur, Ur^BrYl, Ur, Ur, Ur, Ur, Ur, Ur, Ur, Uu, Uu, Uu, Uu, Xu, Xu, Xu, Xu
Xu, Xu, Xu, Xu, Xu, Xu, Xu, Xu, Xu, Xu, Xu, Xu, Xu, Xu, Xu, Xu, Xu, Xu, Xu, Xu, Xu, Xu, Xu, Xu, Xu, Xu, Xu, Ql, Xu, Ql, Ql, Ql, Ql, Ql, Ql, Xu, Xu, Xu, Xu, Xu, Uu, Uu, Uu, Uu, Uu, Ur, Ur, Ur, Ur, Ur, Urb, Ur, Ur, Ur, Ur, Ur, Uu, Uu, Uu, Uu, Uu, Uu, Uu, Xu, Xu, Xu
Xu, Xu, Xu, Xu, Xu, Xu, Xu, Xu, Xu, Xu, Xu, Xu, Xu, Xu, Xu, Xu, Xu, Xu, Xu, Xu, Xu, Xu, Xu, Xu, Xu, Xu, Ql, Ql, Xu, Xu, Ql, Ql, Ql, Ql, Xu, Xu, Ql, Xu, Xu, Xu, Xu, Uu, Uu, Uu, Uu, Uu, Ur^BrYu, Ur, Ur, Urb, Urb, Urb, Ur, Ur, Ur^BrYu, Uu, Uu, Uu, Xu, Xu, Xu, Uu, Uu, Xu, Xu, Xu
Xu, Xu, Xu, Xu, Xu, Xu, Xu, Xu, Xu, Xu, Xu, Xu, Xu, Xu, Xu, Xu, Xu, Xu, Xu, Xu, Xu, Xu, Xu, Xu, Xu, Ql, Xu, Ql, Xu, Xu, Xu, Ql, Ql, Ql, Xu, Ql, Ql, Xu, Xu, Xu, Xu, Xu, Uu, Uu, Uu, Uu, CdwY, Ur, Ur^BrYl, Urb, Urb, Urb, Ur^BrYl, Ur, CdwY, Uu, Uu, Uu, Xu, Xu, Xu, Uu, Uu, Uu, Xu, Xu
Xu, Xu, Xu, Xu, Xu, Xu, Xu, Xu, Xu, Xu, Xu, Xu, Xu, Xu, Xu, Xu, Xu, Xu, Qlf, Uh, Uh, Xu, Xu, Xu, Xu, Xu, Xu, Ql, Ql, Ql, Ql, Ql, Ql, Ql, Ql, Ql, Xu, Xu, Xu, Xu, Uu, Uu, Uu, Uu, Uu, Uu, CdwY, CdwY, Ur, Ur, Ur, Ur, Ur, CdwY, CdwY, Uu, Uu, Xu, Xu, Uu, Xu, Xu, Uu, Xu, Xu, Xu
Xu, Xu, Xu, Xu, Xu, Xu, Xu, Xu, Xu, Xu, Xu, Xu, Xu, Xu, Xu, Xu, Xu, Uh, Ql, Qlf, Qlf, Ql, Uh, Xu, Xu, Xu, Xu, Xu, Xu, Xu, Ql, Ql, Ql, Ql, Ql, Ql, Xu, Xu, Xu, Xu, Xu, Uu, Uu, Uu, Uu, Uu, Uu, CdwY, Ur^BrYu, Ur, Ur, Ur, Ur^BrYu, CdwY, Uu, Uu, Uu, Uu, Uu, Uu, Xu, Xu, Xu, Xu, Xu, Xu
Xu, Xu, Xu, Xu, Xu, Xu, Xu, Xu, Xu, Xu, Xu, Xu, Xu, Xu, Xu, Xu, Uh, Qlf, Ql, Uh, Qlf, Qlf, Uh, Uh, Ql, Xu, Xu, Xu, Xu, Xu, Xu, Xu, Ql, Ql, Ql, Xu, Xu, Xu, Xu, Xu, Xu, Uu, Uu, Xu, Uu, Uu, Uu, Uu, Uu, Ur, Ur, Ur, Uu, Uu, Uu, Uu, Xu, Xu, Uu, Xu, Xu, Xu, Xu, Xu, Xu, Xu
Xu, Xu, Xu, Xu, Xu, Xu, Xu, Xu, Xu, Xu, Xu, Xu, Xu, Xu, Xu, Uh, Uh, Ql, Ql, Qlf, Ql, Ql, Qlf, Qlf, Uh, Ql, Xu, Xu, Xu, Xu, Xu, Ql, Ql, Ql, Ql, Ql, Xu, Xu, Xu, Xu, Xu, Xu, Xu, Xu, Uu, Xu, Xu, Xu, Uu, Ur, Ur, Ur, Uu, Xu, Xu, Uu, Uu, Xu, Xu, Xu, Xu, Xu, Xu, Xu, Xu, Xu
Xu, Xu, Xu, Xu, Xu, Xu, Xu, Xu, Xu, Xu, Xu, Xu, Xu, Xu, Xu, Xu, Qlf, Qlf, Qlf, Uh, Ql, Ql, Qlf, Uh, Ql, Qlf, Xu, Xu, Ql, Xu, Ql, Xu, Ql, Ql, Ql, Ql, Ql, Xu, Xu, Xu, Xu, Xu, Xu, Uu, Uu, Xu, Xu, Uu, Uu, Ur, Ur, Ur, Uu, Xu, Xu, Xu, Xu, Xu, Xu, Xu, Xu, Xu, Xu, Xu, Xu, Xu
Xu, Xu, Xu, Xu, Xu, Xu, Xu, Xu, Xu, Xu, Xu, Xu, Xu, Xu, Xu, Xu, Uh, Uh, Ql, Qlf, Uh, Uh, Ql, Qlf, Uu, Uu, Cud^Xo, Ql, Ql, Ql, Ql, Ql, Ql, Ql, Ql, Ql, Ql, Xu, Xu, Xu, Xu, Xu, Xu, Xu, Xu, Xu, Uu, Xu, Uu, Ur, Ur, Ur, Uu, Uu, Uu, Uu, Uu, Uu, Xu, Xu, Xu, Xu, Xu, Xu, Ql, Xu
Xu, Xu, Xu, Xu, Xu, Xu, Xu, Xu, Xu, Xu, Xu, Xu, Xu, Xu, Xu, Xu, Xu, Uh, Ql, Qlf, Qlf, Ql, Qlf, Qlf, Uu, Cud^Xo, Ql, Ql^Bs\, Uu, Ql, Ql, Ql, Ql, Ql, Ql, Ql, Cud, Ql, Xu, Xu, Xu, Xu, Xu, Xu, Xu, Uu, Xu, Uu, Xu, Ur, Ur, Ur, Xu, Xu, Uu, Xu, Xu, Xu, Xu, Xu, Xu, Xu, Ql, Ql, Ql, Ql
Xu, Xu, Xu, Xu, Xu, Xu, Xu, Xu, Xu, Xu, Xu, Xu, Xu, Xu, Xu, Xu, Xu, Xu, Qlf, Uh, Uh, Ql, Qlf, Uh, Xu, Cud^Xo, Ql^Bs\, Ql, Ql, Ql^Bs\, Ur, Ql, Ql, Ql, Ql, Ql, Ql, Ur, Ur, Xu, Xu, Xu, Xu, Xu, Xu, Xu, Xu, Xu, Xu, Ur, Ur, Ur, Xu, Uu, Uu, Xu, Ql, Ql, Xu, Xu, Xu, Xu, Ql, Ql, Ql, Ql
Xu, Xu, Xu, Xu, Xu, Xu, Xu, Xu, Xu, Xu, Xu, Xu, Xu, Xu, Xu, Xu, Xu, Xu, Xu, Qlf, Xu, Uh, Xu, Xu, Ql, Ql, Ql, Uu, Ql^Bs\, Ql, Ur, Ur, Ur, Ql, Ql, Ql, Ql, Ql, Xu, Ur, Ur, Xu, Xu, Xu, Xu, Xu, Xu, Xu, Xu, CdwY^Xo, Ur, CdwY^Xo, Xu, Xu, Xu, Xu, Xu, Ql, Ql, Ql, Ql, Ql, Ql, Ql, Ql, Ql
Xu, Xu, Xu, Xu, Xu, Xu, Xu, Xu, Xu, Xu, Xu, Xu, Xu, Xu, Uu^Vu, Xu, Xu, Xu, Xu, Xu, Xu, Xu, Xu, Ql, Xu, Ql, Ql, Ql, Ql, Ur, Xu, Xu, Xu, Ur, Ql, Ql, Ql, Ql, Xu, Xu, Xu, Ur, Ur, Xu, Xu, Xu, Xu, Xu, Xu, Ur, Ur, Ur, Xu, Xu, Ql, Xu, Ql, Ql, Ql, Ql, Ql, Ql, Ql, Ql, Xu, Xu
Xu, Xu, Xu, Xu, Xu, Xu, Xu, Xu, Xu, Xu, Xu, Xu, Uu^Vu, Uu^Vu, Uu^Vu, Uu^Vu, Xu, Ql, Ql, Ql, Xu, Ql, Ql, Xu, Ql, Ql, Ql, Ql, Ql, Ur, Xu, Xu, Xu, Ur, Ur, Ql, Uu, Xu, Xu, Xu, Xu, Xu, Ur, Xu, Xu, Xu, Xu, Xu, Ur, Ur, Ur, Ur, Xu, Xu, Ql, Ql, Ql, Ql, Ql, Ql, Ql, Xu, Xu, Ql, Xu, Xu
Xu, Xu, Xu, Xu, Xu, Xu, Uu^Vu, Uu^Vu, Uu^Vu, Xu, Uu, Xu, Xu, Uu^Vu, Uu, Uu^Vu, Xu, Xu, Xu, Ql, Ql, Ql, Ql, Ql, Ql, Ql, Ql, Ql, Ur, Ur, Xu, Xu, Xu, Uu, Uu, Ur, Ur, Uu, Xu, Xu, Xu, Xu, Ur, Xu, Xu, Xu, Ur, Ur, Ur, Ur, Ur, Xu, Ql, Xu, Ql, Ql, Ql, Ql, Ql, Xu, Xu, Xu, Uu^Uf, Xu, Xu, Xu
Xu, Xu, Xu, Xu, Xu, Uu^Vu, Uu^Vu, Uu^Vu, Uu, Uu, Ql, Uu, Uu, Uu, Uu, Uu, Xu, Xu, Ql, Ql, Ql, Ql, Ql, Ql, Ql, Cud, Ur, Ur, Uu, Uu, Uu, Xu, Xu, Xu, Uu, Uu, Uu, Ur, Xu, Xu, Xu, Uu, Ur, Xu, Qlf, Cud, Ur, Ur, Ur, Ur, Xu, Ql^Bcx\, Ql^Bcx\, Ql, Ql, Ql, Xu, Xu, Xu, Xu, Uu^Uf, Uh, Uh, Uu^Uf, Xu, Xu
Xu, Xu, Xu, Xu, Xu, Uu^Vu, Ql, Uu, Uu, Uu, Uu, Uu, Uu, Uu, Uu, Uu, Xu, Ql, Ql, Ql, Ql, Ql, Ql, Ql, Ql, Ql, Xu, Uu, Xu, Xu, Xu, Uu, Uu, Xu, Xu, Uu, Uu, Ur, Ur, Xu, Uu, Uu, Ur, Cud, Xu, Xu, Ur, Ur, Ur, Ur, Ql^Bcx\, Ql, Ql, Ql^Bcx\, Ql^Bcx\, Ql, Xu, Xu, Xu, Xu, Xu, Uh, Uh, Uh, Xu, Xu
Xu, Xu, Xu, Xu, Xu, Uu, Uu, Uu, Ur, Ur, Ur, Uu, Uu, Ql, Uu, Uu, Xu, Xu, Ql, Ql, Ql, Ql, Ql, Ql, Uu, Uu, Uu, Uu, Xu, Xu, Uu, Xu, Uu, Uh, Xu, Uu, Uu, Uu, Uu, Ur, Ur, Ur, Uu, Ur, Ur, Xu, Xu, Ur, Ur, Xu, Ql, Ql^Bcx\, Ql^Bcx\, Ql, Xu, Uu, Uu, Cud^Xo, Qlf, Uu, Uu, Uu, Xu, Uu^Uf, Xu, Xu
Xu, Xu, Xu, Xu, Xu, Uu, Uu, Ur, Md, Mv, Md, Ur, Ur, Ur, Ur, Uu, Uu, Xu, Xu, Ql, Ql, Ql, Ql, Ql, Uu, Xu, Uu, Uu, Uu, Uu, Xu, Uu, Xu, Xu, Xu, Uu, Xu, Uu, Uu, Uu, Uu, Uu, Xu, Uu, Ur, Uu, Ql, Xu, Xu, Ql^Bcx\, Ql^Bcx\, Ql, Ql, Ql^Bcx\, Uu, Xu, Uu, Cud^Xo, Qlf, Qlf, Qlf, Uu, Uu, Xu, Xu, Xu
Xu, Xu, Xu, Xu, Xu, Xu, Uu, Ur, Ur, Md, Ur, Ur, Md, Mv, Md, Ur, Uu, Xu, Ql, Ql, Ql, Ql, Ql, Uu, Xu, Xu, Uu, Xu, Xu, Xu, Xu, Xu, Xu, Xu, Xu, Xu, Xu, Xu, Ql, Uu, Uu, Ql, Ql, Xu, Ur, Xu, Ql, Ql, Ql, Ql, Ql, Ql^Bcx\, Ql^Bcx\, Xu, Xu, Uu, Kud^Xo, Qlf, Uu, Uu, Uu, Qlf, Qlf, Uu, Xu, Xu
Xu, Xu, Xu, Xu, Xu, Uu, Ql, Uu, Uu, Ur, Uu, Ur, Ur, Md, Ur, Ur, Uu, Uu, Ql, Ql, Ql, Ql, Ql, Uu, Uu, Uu, Xu, Xu, Uu, Uu, Xu, Xu, Xu, Xu, Xu, Xu, Ql, Ql, Ql, Ql^Bs|, Ql^Bs|, Ql, Ql, Xu, Ql, Ql^Bs\, Cud, Ql, Ql, Ql, Ql, Ql, Xu, Uu, Uu, Uu, Qlf, Qlf, Uu, Qlf, Qlf, Uu, Uu, Uu, Xu, Xu
Xu, Xu, Xu, Xu, Xu, Uu, Uu, Uu, Uu, Ql, Uu, Uu, Uu, Ur, Uu, Uu, Uu, Uu, Ql^Bs\, Ql, Ql, Ql, Ql^Bs/, Uu, Uu, Uu, Uu, Uu, Uu, Xu, Xu, Xu, Xu, Xu, Xu, Xu, Ql, Ql, Ql, Uu, Uu, Ql, Ql, Ql, Ql, Ql, Ql, Ql, Ql, Ql, Xu, Xu, Xu, Xu, Cud^Xo, Cud^Xo, Qlf, Qlf, Qlf, Uu, Uu, Qlf, Qlf, Uu, Xu, Xu
Xu, Xu, Xu, Xu, Xu, Xu, Uu^Vu, Uu, Uu, Uu, Uu, Uu, Ql, Uu, Uu, Uu, Xu, Ql, Ql, Ql^Bs\, Cud^Xo, Ql^Bs/, Ql, Ql, Uu, Uu, Uu, Uu, Uu, Xu, Xu, Xu, Xu, Xu, Xu, Xu, Ql, Ql, Ql, Uu, Ql^Bs\, Ql^Bs\, Uu, Ql, Ql, Ql, Ql, Ql, Xu, Xu, Xu, Xu, Xu, Xu, Xu, Qlf, Uu, Uu, Uu, Qlf, Qlf, Uu, Qlf, Uu, Xu, Xu
Xu, Xu, Xu, Xu, Xu, Xu, Uu^Vu, Uu^Vu, Uu^Vu, Uu, Uu, Uu, Uu, Uu, Uu, Uu, Xu, Ql, Ql, Ql, Ql, Ql, Ql, Ql, Uu, Uu, Uu, Ql, Ql, Uu, Xu, Xu, Xu, Xu, Xu, Ql, Ql, Ql, Ql, Ql, Ql, Uu, Uu, Uu, Ql, Ql, Xu, Xu, Uu^Vu, Xu, Uu^Vu, Xu, Xu, Xu, Xu, Xu, Uu, Qlf, Qlf, Uu, Uu, Uu, Qlf, Uu, Xu, Xu
Xu, Xu, Xu, Xu, Xu, Xu, Xu, Uu^Vu, Uu, Uu, Ql, Uu, Uu, Uu, Uu, Uu, Uu^Vu, Xu, Xu, Ql, Ql, Ql, Ql, Ql, Uu, Uu, Uu, Uu, Ql, Ql, Ql, Xu, Ql, Xu, Ql, Ql, Ql, Ql, Ql, Ql, Xu, Ql, Ql^Bs|, Ql^Bs|, Xu, Xu, Uu^Vu, Xu, Uu, Uu, Uu, Xu, Xu, Xu, Xu, Xu, Xu, Uu, Uu, Qlf, Qlf, Qlf, Uu, Uu, Xu, Xu
Xu, Xu, Xu, Xu, QxvY, Xu, Xu, Xu, Xu, Uu, Uu, Uu, Uu, Ql, Uu^Vu, Uu^Vu, Uu^Vu, Xu, Xu, Xu, Ql, Ql, Ql, Ql, Ql, Uu, Uu, Uu, Uu, Ql, Ql, Ql, Ql, Ql, Ql, Ql, Ql, Ql, Ql, Ql, Xu, Xu, Uu, Uu, Cud^Xo, Xu, Uu, Uu, Qlf^Bh|, Uu, Uu, Xu, Uu^Vu, Xu, Xu, Xu, Xu, Xu, Xu, Uu, Uu, Uu, Xu, Xu, Xu, Xu
Xu, Xu, Xu, QxvY, QxvY, QxvY, Uu, Xu, Xu, Xu, Xu, Uu, Xu, Uu^Vu, Uu^Vu, Uu^Vu, Xu, Xu, Xu, Ql, Xu, Xu, Ql, Ql, Ql, Uu, Uu, Uu, Uu, Uu, Uu, Ql, Ql^Bs/, Cud, Ql, Ql, Ql, Xu, Ql, Ql, Xu, Xu, Xu, Cud^Xo, Uu, Uu, Qlf, Qlf, Uu^Emon, Qlf^Bh/, Uu, Uu, Uu, Xu, Xu, Xu, Xu, Xu, Xu, Xu, Xu, Xu, Xu, Xu, Xu, Xu
Xu, Xu, Xu, Xu, QxvY, Uu, Xu, Uu, Uu, Xu, QxvY, Xu, Xu, Xu, Xu, Xu, Xu, Xu, Xu, Ql, Ql, Xu, Xu, Ql, Xu, Ql, Ql, Uu, Uu, Uu, Uu, Uu, Ql, Ql, Xu, Xu, Xu, Xu, Ql, Ql, Ql, Xu, Xu, Xu, Uu, Qlf^Bh\, Uu^SsmG, Qlf^Bh/, Qlf^Bh|, Qlf, Uu, Uu, Uu, Uu^Vu, Xu, Xu, Xu, Xu, Xu, Xu, Xu, Xu, Xu, Xu, Xu, Xu
Xu, Xu, Uu, Xu, Xu, Uu, Uu, Xu, Xu, Uu, QxvY, QxvY, Xu, Xu, Xu, Ql, Ql, Xu, Ql, Ql, Ql, Ql, Ql, Ql, Xu, Xu, Xu, Ql, Xu, Uu, Uu, Uu, Uu, Ql, Ql, Xu, Ql, Xu, Ql, Ql, Xu, Xu, Xu, Xu, Uu, Qlf^Bh/, Qlf, Qlf^Bh\, Mdd, Qlf, Uu, Uu, Xu, Xu, Xu, Xu, Xu, Xu, Xu, Xu, Xu, Xu, Xu, Xu, Xu, Xu
Xu, Uu, Xu, Xu, Uu, Uu, Xu, Uu, Xu, Uu, Xu, Xu, Xu, Ql, Ql, Ql, Ql, Ql, Ql, Ql, Ql, Xu, Ql, Ql, Ql, Xu, Ql, Ql, Xu, Uu, Uu, Uu, Uu, Ql, Ql, Ql, Ql, Ql, Ql, Ql, Xu, Xu, Xu, Uu^Vu, Uu, Uu, Uu, Qlf, Qlf^Bh|, Qlf^Bh\, Uu, Uu^Vu, Xu, Xu, Xu, Xu, Xu, Xu, Xu, Xu, Xu, Xu, Xu, Xu, Xu, Xu
Xu, Uu, Uu, Uu, Xu, Xu, Xu, Uu, Xu, Xu, Ql, Ql, Ql, Ql, Ql, Ql, Ql, Ql, Xu, Ql, Ql, Ql, Ql, Ql, Ql, Ql, Ql, Ql, Ql, Ql, Uu, Uu, Uu, Xu, Xu, Ql, Xu, Ql, Ql, Ql, Xu, Xu, Xu, Xu, Uu^Vu, Uu, Xu, Uu, Uu, Uu, Uu^Vu, Xu, Xu, Xu, Xu, Xu, Xu, Xu, Xu, Xu, Xu, Xu, Xu, Xu, Xu, Xu
Xu, QxvY, QxvY, Xu, Uu, Uu, Uu, Uu, Xu, Xu, Xu, Ql, Ql, Xu, Xu, Ql, Ql, Xu, Xu, Ql, Ql, Cud, Uu, Ql, Uu, Ql, Uh, Ql, Uu, Uu, Uu, Uu, Uu, Xu, Xu, Xu, Ql, Ql, Ql, Xu, Xu, Ql, Xu, Xu, Xu, Xu, Xu, Uu^Vu, Xu, Xu, Xu, Xu, Xu, Xu, Xu, Xu, Xu, Xu, Xu, Xu, Xu, Xu, Xu, Xu, Xu, Xu
Xu, QxvY, QxvY, Uu, Xu, Xu, Xu, Uu, Uu, Xu, Ql, Ql, Ql, Ql, Xu, Xu, Ql, Ql, Ql, Ql, Ql, Ql, Uu, Uu, Ql, Uu, Uu, Uu, Uu, Uu, Uu, Uu, Ql, Ql, Ql, Ql, Ql, Ql, Xu, Xu, Ql, Ql, Ql, Xu, Ql, Xu, Xu, Xu, Xu, Xu, Xu, Xu, Xu, Xu, Xu, Xu, Xu, Xu, Xu, Xu, Xu, Xu, Xu, Xu, Xu, Xu
Xu, Xu, Xu, Uu, Uu, Xu, Uu, Xu, Uu, Xu, Ql, Ql, Ql, Ql, Ql, Ql, Ql, Xu, Xu, Uh, Ql, Uu, Ql, Ql^Bs\, Uu, Ql, Uu, Uu, Uu, Uu, Uu, Uu, Uu, Ql, Ql, Ql, Xu, Ql, Xu, Xu, Ql, Xu, Xu, Xu, Ql, Ql, Xu, Xu, Xu, Xu, Xu, Xu, Xu, Xu, Xu, Xu, Xu, Xu, Xu, Xu, Xu, Xu, Xu, Xu, Xu, Xu
Xu, Xu, Uu, Xu, Uu, Xu, Uu, Xu, Uu, Xu, Ql, Ql, Xu, Xu, Ql, Ql, Ql, Xu, Uu, Uu, Ql^Bs\, Ql^Bs|, Ql, Uu, Xu, Uu, Uu, Uu, Ql, Ql, Cud, Ql, Ql, Uu, Ql^Bs\, Ql, Ql, Ql, Ql, Xu, Xu, Ql, Ql, Xu, Ql, Xu, Xu, Xu, Ql, Xu, Xu, Xu, Xu, Xu, Xu, Xu, Xu, Xu, Xu, Xu, Xu, Xu, Xu, Xu, Xu, Xu
Xu, Uu, Xu, Uu, Xu, Xu, Uu, Xu, Uu, Xu, Xu, Ql, Ql, Ql, Uh, Ql, Ql^Bs/, Uu, Uu, Xu, Ql, Uu, Xu, Ql^Bs|, Ql, Ql, Uu, Uh, Ql, Ql, Ql, Ql, Ql, Ql, Ql, Uu, Cud^Xo, Ql, Uu, Ql, Ql, Ql, Uu, Ql, Ql, Xu, Xu, Xu, Ql, Ql, Xu, Xu, Xu, Xu, Xu, Xu, Xu, Xu, Xu, Xu, Xu, Xu, Xu, Xu, Xu, Xu
Xu, Uu, Uu, Xu, Xu, Xu, Xu, Uu, Xu, Uu, Xu, Xu, Xu, Xu, Xu, Uu, Ql, Ql, Uu, Uu, Ql^Bs\, Ql, Ql^Bs/, Uu, Xu, Uh, Uu, Uh, Ql, Ql, Ql, Ql, Ql, Xu, Ql, Ql, Uu, Uu, Uu, Uu, Xu, Xu, Uu, Xu, Uu, Ql, Ql, Ql, Xu, Xu, Xu, Xu, Xu, Xu, Xu, Xu, Xu, Xu, Xu, Xu, Xu, Xu, Xu, Xu, Xu, Xu
Xu, QxvY, Uu, Xu, Uu, Uu, Uu, Xu, Xu, Uu, Xu, Xu, Uu, Xu, Xu, Uu, Ql, Ql, Uu, Ql, Ql, Uu, Ql, Ql, Uu, Uu, Ql, Ql, Ql, Ql, Ql, Ql, Ql, Ql, Xu, Ql, Ql, Uu, Xu, Uu, Uu, Uu, Uu, Uu, Uu, Xu, Ql, Xu, Xu, Xu, Xu, Xu, Xu, Xu, Xu, Xu, Xu, Xu, Xu, Xu, Xu, Xu, Xu, Xu, Xu, Xu
Xu, QxvY, QxvY, Uu, Xu, Xu, Uu, Xu, Xu, Uu, Uu, Uu, Xu, Uu, Xu, Uu, Uu, Ql^Bs/, Ql, Ql, Ql^Bs/, Uu, Uu, Uu, Xu, Uh, Ql, Xu, Xu, Ql, Ql, Ql, Xu, Xu, Ql, Ql, Xu, Ql, Xu, Uu, Uu, Uu, Uu, Uu, Uu, Xu, Ql, Xu, Ql, Ql, Xu, Xu, Xu, Xu, Xu, Xu, Xu, Xu, Xu, Xu, Xu, Xu, Xu, Xu, Xu, Xu
Xu, QxvY, Xu, Xu, Xu, Uu, Xu, Uu, Xu, Xu, Xu, Xu, QxvY, Uu, Uu, Xu, Xu, Uu, Uu, Uu, Ql, Ql, Cud, Ql, Ql, Ql, Ql, Xu, Ql, Ql, Xu, Xu, Xu, Xu, Xu, Xu, Xu, Ql, Uu, Uu, Uu, Uu, Uu, Uu, Xu, Uu, Ql, Ql, Ql, Ql, Xu, Xu, Xu, Xu, Xu, Xu, Xu, Xu, Xu, Xu, Xu, Xu, Xu, Xu, Xu, Xu
Xu, Xu, Uu, Uu, Uu, Uu, Xu, Xu, Uu, Uu, Uu, Xu, Xu, QxvY, QxvY, Uu, Uu, Uu, Xu, Uh, Ql, Ql, Ql, Ql, Ql, Ql, Ql, Ql, Ql, Ql, Xu, Xu, Xu, Xu, Ql, Xu, Ql, Ql, Ql, Xu, Xu, Uu, Xu, Xu, Ql, Ql, Xu, Xu, Xu, Xu, Xu, Xu, Xu, Xu, Xu, Xu, Xu, Xu, Xu, Xu, Xu, Xu, Xu, Xu, Xu, Xu
Xu, Xu, Uu, Xu, Xu, Xu, Xu, Uu, Uu, Uu, Uu, Uu, Xu, QxvY, Xu, Xu, Xu, Xu, Ql, Ql, Ql, Ql, Ql, Ql, Ql, Ql, Ql, Ql, Xu, Xu, Xu, Xu, Xu, Xu, Xu, Ql, Ql, Ql, Xu, Ql, Ql, Uu, Ql, Ql, Ql, Ql, Ql, Xu, Xu, Xu, Xu, Xu, Xu, Xu, Xu, Xu, Xu, Xu, Xu, Xu, Xu, Xu, Xu, Xu, Xu, Xu
Xu, Xu, Xu, Uu, Uu, Xu, Xu, Uu, Uu, 1 Uu, Uu, Uu, Xu, Xu, Xu, Ql, Ql, Ql, Xu, Ql, Ql, Xu, Ql, Xu, Xu, Xu, Ql, Xu, Xu, Xu, Xu, Xu, Xu, Xu, Xu, Xu, Xu, Xu, Ql, Ql, Xu, Ql, Ql, Xu, Xu, Xu, Ql, Xu, Xu, Xu, Xu, Xu, Xu, Xu, Xu, Xu, Xu, Xu, Xu, Xu, Xu, Xu, Xu, Xu, Xu, Xu
Xu, Uu, Xu, Xu, Uu, Xu, Uu, Uu, Uu, Uu, Uu, Uu, Xu, Xu, Xu, Ql, Ql, Xu, Ql, Ql, Xu, Xu, Ql, Ql, Ql, Ql, Xu, Xu, Xu, Xu, Xu, Xu, Xu, Xu, Xu, Xu, Xu, Xu, Xu, Xu, Xu, Xu, Ql, Xu, Xu, Xu, Xu, Xu, Xu, Xu, Xu, Xu, Xu, Xu, Xu, Xu, Xu, Xu, Xu, Xu, Xu, Xu, Xu, Xu, Xu, Xu
Xu, Uu, Uu, Uu, Xu, Uu, Xu, Xu, Xu, Uu, Xu, Xu, Xu, Xu, Xu, Ql, Ql, Ql, Xu, Ql, Ql, Ql, Xu, Xu, Xu, Xu, Xu, Xu, Xu, Xu, Xu, Xu, Xu, Xu, Xu, Xu, Xu, Xu, Xu, Xu, Xu, Ql, Xu, Xu, Xu, Xu, Xu, Xu, Xu, Xu, Xu, Xu, Xu, Xu, Xu, Xu, Xu, Xu, Xu, Xu, Xu, Xu, Xu, Xu, Xu, Xu
Xu, Xu, Xu, Xu, Xu, Xu, Xu, Xu, Xu, Xu, Xu, Xu, Xu, Xu, Xu, Xu, Xu, Xu, Xu, Xu, Xu, Xu, Xu, Xu, Xu, Xu, Xu, Xu, Xu, Xu, Xu, Xu, Xu, Xu, Xu, Xu, Xu, Xu, Xu, Xu, Xu, Xu, Xu, Xu, Xu, Xu, Xu, Xu, Xu, Xu, Xu, Xu, Xu, Xu, Xu, Xu, Xu, Xu, Xu, Xu, Xu, Xu, Xu, Xu, Xu, Xu
